2026-03-14 15:14:11 - [34mdebug[39m: Could not locate npm module path with error  Cannot access 'isYarnPnP' before initialization
2026-03-14 15:14:11 - [32minfo[39m: Creating configuration file...
2026-03-14 15:14:11 - [34mdebug[39m: requireModuleV3 :: module - @playwright/test/package.json, package - @playwright/test
2026-03-14 15:14:11 - [34mdebug[39m: Resolved from resolveModuleV3 :: Path - /Users/apple/Desktop/BrowserStack_Event/node_modules/@playwright/test/package.json
2026-03-14 15:14:11 - [34mdebug[39m: requireModuleV3 :: module - selenium-webdriver/package.json, package - selenium-webdriver
2026-03-14 15:14:11 - [34mdebug[39m: Unable to resolve module with requireModuleV3 with error: Error: Cannot find module 'selenium-webdriver'
Require stack:
- /Users/apple/Desktop/BrowserStack_Event/node_modules/browserstack-node-sdk/src/helpers/helper.js
- /Users/apple/Desktop/BrowserStack_Event/node_modules/browserstack-node-sdk/src/bin/setup.js
2026-03-14 15:14:11 - [34mdebug[39m: requireModuleV2 :: module - selenium-webdriver/package.json, package - selenium-webdriver
2026-03-14 15:14:11 - [34mdebug[39m: Getting selenium-webdriver/package.json from /Users/apple/Desktop/BrowserStack_Event
2026-03-14 15:14:11 - [34mdebug[39m: selenium-webdriver/package.json doesn't exist at /Users/apple/Desktop/BrowserStack_Event
2026-03-14 15:14:11 - [34mdebug[39m: Getting selenium-webdriver/package.json from null
2026-03-14 15:14:11 - [34mdebug[39m: Error while loading package. Error: selenium-webdriver/package.json doesn't exist.
2026-03-14 15:14:11 - [34mdebug[39m: requireModuleV3 :: module - selenium-webdriver/package.json, package - selenium-webdriver
2026-03-14 15:14:11 - [34mdebug[39m: Unable to resolve module with requireModuleV3 with error: Error: Cannot find module 'selenium-webdriver'
Require stack:
- /Users/apple/Desktop/BrowserStack_Event/node_modules/browserstack-node-sdk/src/helpers/helper.js
- /Users/apple/Desktop/BrowserStack_Event/node_modules/browserstack-node-sdk/src/bin/setup.js
2026-03-14 15:14:11 - [34mdebug[39m: requireModuleV2 :: module - selenium-webdriver/package.json, package - selenium-webdriver
2026-03-14 15:14:11 - [34mdebug[39m: Getting selenium-webdriver/package.json from /Users/apple/Desktop/BrowserStack_Event
2026-03-14 15:14:11 - [34mdebug[39m: selenium-webdriver/package.json doesn't exist at /Users/apple/Desktop/BrowserStack_Event
2026-03-14 15:14:11 - [34mdebug[39m: Getting selenium-webdriver/package.json from null
2026-03-14 15:14:11 - [34mdebug[39m: Error while loading package. Error: selenium-webdriver/package.json doesn't exist.
2026-03-14 15:14:11 - [34mdebug[39m: Firing SDK event for funnel data: {"userName":"[REDACTED]","accessKey":"[REDACTED]","event_type":"SDKSetup","detectedFramework":"","optimalHubUrl":[],"event_properties":{"testhub_uuid":"","product_map":{"observability":true,"accessibility":false,"percy":false,"automate":true,"app_automate":false,"lts":false,"central_scanner":false,"lcnc":false},"productMap":{"observability":true,"accessibility":false,"percy":false,"automate":true,"app_automate":false,"lts":false,"central_scanner":false,"lcnc":false},"language_framework":"node-setup","referrer":"nodeagent/1.50.3","frameworkVersion":null,"automationFramework":"selenium","automationFrameworkVersion":null,"language":"nodejs","languageVersion":"v25.8.1","product":["automate","observability"],"buildName":"browserstack build","buildIdentifier":"#${BUILD_NUMBER}","os":"Darwin","hostname":"APPLEs-MacBook-Pro.local","isCLIEnabled":false,"seleniumVersion":null}}
2026-03-14 15:14:11 - [32minfo[39m: Adding new script(s) in package.json...
2026-03-14 15:14:11 - [32minfo[39m: Setup completed
2026-03-14 15:14:11 - [34mdebug[39m: Sending request to https://api.browserstack.com/sdk/v1/event
2026-03-14 15:14:12 - [34mdebug[39m: Response from https://api.browserstack.com/sdk/v1/event: 200 OK
2026-03-14 15:14:12 - [34mdebug[39m: API Event SDKSetup response - {"data":{"message":"SDK Event recorded successfully"},"body":"{\"message\":\"SDK Event recorded successfully\"}","statusCode":200}
2026-03-14 15:17:48 - [34mdebug[39m: Could not locate npm module path with error  Cannot access 'isYarnPnP' before initialization
2026-03-14 15:18:15 - [34mdebug[39m: Could not locate npm module path with error  Cannot access 'isYarnPnP' before initialization
2026-03-14 15:20:32 - [34mdebug[39m: Could not locate npm module path with error  Cannot access 'isYarnPnP' before initialization
